// Jest Snapshot v1, https://goo.gl/fbAQLP

exports[`mocked CLI should call update-notifier before starting first prompt 1`] = `
Array [
  Object {
    "notify": null,
  },
  Object {
    "prompts": null,
  },
]
`;
